// Jest Snapshot v1, https://goo.gl/fbAQLP

exports[`useTextStyle useTextStyle correctly applied 1`] = `
ChildrenMixinStub {
  "children": Array [
    ExportMixinStub {
      "children": Array [],
      "config": undefined,
      "id": "0:1",
      "parent": [Circular],
      "type": "PAGE",
    },
    ExportMixinStub {
      "_backgrounds": Array [
        Object {
          "blendMode": "NORMAL",
          "color": Object {
            "b": 0.9607843160629272,
            "g": 0.9607843160629272,
            "r": 0.9607843160629272,
          },
          "opacity": 1,
          "type": "SOLID",
          "visible": true,
        },
      ],
      "children": Array [
        GeometryMixinStub {
          "_characters": "",
          "_fills": Array [
            Object {
              "color": Object {
                "b": 0,
                "g": 0,
                "r": 0,
              },
              "opacity": 1,
              "type": "SOLID",
            },
          ],
          "_fontName": Object {
            "family": "Roboto",
            "style": "Bold",
          },
          "_textAutoResize": "WIDTH_AND_HEIGHT",
          "autoRename": false,
          "blendMode": "NORMAL",
          "config": Object {
            "isWithoutTimeout": false,
            "simulateErrors": true,
          },
          "constraints": Object {
            "horizontal": "MIN",
            "vertical": "MIN",
          },
          "effects": Array [],
          "exportSettings": Array [],
          "fillStyleId": "S:test,",
          "fontSize": 24,
          "hyperlink": null,
          "id": "1:2",
          "isMask": false,
          "layoutAlign": "INHERIT",
          "layoutGrow": 0,
          "letterSpacing": Object {
            "unit": "PIXELS",
            "value": 0,
          },
          "lineHeight": Object {
            "unit": "AUTO",
          },
          "locked": false,
          "opacity": 1,
          "paragraphIndent": 0,
          "paragraphSpacing": 0,
          "parent": [Circular],
          "pluginData": Object {
            "isReactFigmaNode": "true",
            "reactStyle": "{\\"fontFamily\\":\\"Roboto\\",\\"fontWeight\\":\\"bold\\",\\"fontSize\\":24,\\"color\\":\\"#000000\\",\\"textStyleId\\":\\"S:test,\\",\\"fillStyleId\\":\\"S:test,\\"}",
          },
          "strokeAlign": "INSIDE",
          "strokeCap": "NONE",
          "strokeWeight": 0,
          "strokes": Array [],
          "textAlignHorizontal": "LEFT",
          "textAlignVertical": "TOP",
          "textCase": "ORIGINAL",
          "textDecoration": "NONE",
          "textStyleId": "S:test,",
          "type": "TEXT",
          "visible": true,
        },
      ],
      "config": Object {
        "isWithoutTimeout": false,
        "simulateErrors": true,
      },
      "exportSettings": Array [],
      "id": "1:1",
      "parent": [Circular],
      "pluginData": Object {
        "isReactFigmaNode": "true",
        "reactStyle": "{}",
      },
      "type": "PAGE",
    },
  ],
  "config": undefined,
  "id": "0:0",
  "type": "DOCUMENT",
}
`;

exports[`useTextStyle useTextStyle correctly applied 2`] = `
Array [
  TextStyleStub {
    "fontName": Object {
      "family": "Roboto",
      "style": "Bold",
    },
    "fontSize": 24,
    "id": "S:test,",
    "name": "root/background",
    "remote": false,
    "styleBasics": Object {
      "effectStyles": Array [],
      "gridStyles": Array [],
      "paintStyles": Array [
        PaintStyleStub {
          "id": "S:test,",
          "name": "root/background",
          "paints": Array [
            Object {
              "color": Object {
                "b": 0,
                "g": 0,
                "r": 0,
              },
              "opacity": 1,
              "type": "SOLID",
            },
          ],
          "remote": false,
          "styleBasics": [Circular],
          "type": "PAINT",
        },
      ],
      "styles": Map {
        "S:test," => [Circular],
      },
      "textStyles": [Circular],
    },
    "type": "TEXT",
  },
]
`;
