// Jest Snapshot v1, https://goo.gl/fbAQLP

exports[`Yoga layout integration render single component 1`] = `
ChildrenMixinStub {
  "children": Array [
    ExportMixinStub {
      "children": Array [],
      "config": undefined,
      "id": "0:1",
      "parent": [Circular],
      "type": "PAGE",
    },
    ExportMixinStub {
      "_backgrounds": Array [
        Object {
          "blendMode": "NORMAL",
          "color": Object {
            "b": 0.9607843160629272,
            "g": 0.9607843160629272,
            "r": 0.9607843160629272,
          },
          "opacity": 1,
          "type": "SOLID",
          "visible": true,
        },
      ],
      "children": Array [
        GeometryMixinStub {
          "_fills": Array [],
          "backgrounds": Array [
            Object {
              "color": Object {
                "b": 0,
                "g": 0,
                "r": 0,
              },
              "opacity": 0,
              "type": "SOLID",
            },
          ],
          "blendMode": "NORMAL",
          "children": Array [
            GeometryMixinStub {
              "_fills": Array [
                Object {
                  "color": Object {
                    "b": 0,
                    "g": 1,
                    "r": 0.07058823529411765,
                  },
                  "opacity": 1,
                  "type": "SOLID",
                },
              ],
              "blendMode": "NORMAL",
              "config": Object {
                "isWithoutTimeout": false,
                "simulateErrors": true,
              },
              "constraints": Object {
                "horizontal": "MIN",
                "vertical": "MIN",
              },
              "cornerRadius": 0,
              "cornerSmoothing": 0,
              "effects": Array [],
              "exportSettings": Array [],
              "height": 100,
              "id": "1:2",
              "isMask": false,
              "layoutAlign": "INHERIT",
              "layoutGrow": 0,
              "locked": false,
              "opacity": 1,
              "parent": [Circular],
              "pluginData": Object {
                "isReactFigmaNode": "true",
                "reactStyle": "{\\"width\\":200,\\"height\\":100,\\"backgroundColor\\":\\"#12ff00\\"}",
              },
              "strokeAlign": "INSIDE",
              "strokeCap": "NONE",
              "strokeWeight": 0,
              "strokes": Array [],
              "type": "RECTANGLE",
              "visible": true,
              "width": 200,
              "x": 0,
              "y": 0,
            },
            GeometryMixinStub {
              "_fills": Array [
                Object {
                  "color": Object {
                    "b": 0.09019607843137255,
                    "g": 0,
                    "r": 1,
                  },
                  "opacity": 1,
                  "type": "SOLID",
                },
              ],
              "blendMode": "NORMAL",
              "config": Object {
                "isWithoutTimeout": false,
                "simulateErrors": true,
              },
              "constraints": Object {
                "horizontal": "MIN",
                "vertical": "MIN",
              },
              "cornerRadius": 0,
              "cornerSmoothing": 0,
              "effects": Array [],
              "exportSettings": Array [],
              "height": 100,
              "id": "1:3",
              "isMask": false,
              "layoutAlign": "INHERIT",
              "layoutGrow": 0,
              "locked": false,
              "opacity": 1,
              "parent": [Circular],
              "pluginData": Object {
                "isReactFigmaNode": "true",
                "reactStyle": "{\\"width\\":200,\\"height\\":100,\\"backgroundColor\\":\\"#ff0017\\"}",
              },
              "strokeAlign": "INSIDE",
              "strokeCap": "NONE",
              "strokeWeight": 0,
              "strokes": Array [],
              "type": "RECTANGLE",
              "visible": true,
              "width": 200,
              "x": 0,
              "y": 100,
            },
          ],
          "clipsContent": false,
          "config": Object {
            "isWithoutTimeout": false,
            "simulateErrors": true,
          },
          "constraints": Object {
            "horizontal": "MIN",
            "vertical": "MIN",
          },
          "cornerRadius": 0,
          "cornerSmoothing": 0,
          "counterAxisAlignItems": "MIN",
          "counterAxisSizingMode": "AUTO",
          "effects": Array [],
          "exportSettings": Array [],
          "guides": Array [],
          "height": 200,
          "id": "1:4",
          "isMask": false,
          "itemSpacing": 0,
          "layoutAlign": "INHERIT",
          "layoutGrids": Array [],
          "layoutGrow": 0,
          "layoutMode": "NONE",
          "locked": false,
          "opacity": 1,
          "paddingBottom": 0,
          "paddingLeft": 0,
          "paddingRight": 0,
          "paddingTop": 0,
          "parent": [Circular],
          "pluginData": Object {
            "isReactFigmaNode": "true",
            "reactStyle": "{\\"backgroundColor\\":\\"transparent\\"}",
          },
          "primaryAxisAlignItems": "MIN",
          "primaryAxisSizingMode": "AUTO",
          "strokeAlign": "INSIDE",
          "strokeCap": "NONE",
          "strokeWeight": 0,
          "strokes": Array [],
          "type": "FRAME",
          "visible": true,
          "width": 200,
          "x": 0,
          "y": 0,
        },
      ],
      "config": Object {
        "isWithoutTimeout": false,
        "simulateErrors": true,
      },
      "exportSettings": Array [],
      "id": "1:1",
      "parent": [Circular],
      "pluginData": Object {
        "isReactFigmaNode": "true",
        "reactStyle": "{}",
      },
      "type": "PAGE",
    },
  ],
  "config": undefined,
  "id": "0:0",
  "type": "DOCUMENT",
}
`;
