// Jest Snapshot v1, https://goo.gl/fbAQLP

exports[`<Star /> Star without props 1`] = `
<star
  innerRef={
    Object {
      "current": undefined,
    }
  }
  style={Object {}}
/>
`;
